// Jest Snapshot v1, https://goo.gl/fbAQLP

exports[`<Alert /> component matches <Alert /> component snapshot 1`] = `
<View
  collapsable={false}
  pointerEvents="box-none"
  style={
    Object {
      "flex": 1,
    }
  }
>
  <RCTSafeAreaView
    emulateUnlessSupported={true}
    pointerEvents="box-none"
    style={
      Array [
        Object {
          "bottom": 0,
          "position": "absolute",
          "width": "100%",
        },
        undefined,
      ]
    }
  >
    <View
      accessibilityLabel="snackbar-alert"
      accessibilityLiveRegion="polite"
      pointerEvents="box-none"
      style={
        Object {
          "alignItems": "center",
          "backgroundColor": "#f44336",
          "borderRadius": 4,
          "elevation": 6,
          "flexDirection": "row",
          "justifyContent": "space-between",
          "margin": 8,
          "opacity": 0,
          "shadowColor": "#000000",
          "shadowOffset": Object {
            "height": 5,
            "width": 0,
          },
          "shadowOpacity": 0.24,
          "shadowRadius": 6,
          "transform": Array [
            Object {
              "scale": 0.9,
            },
          ],
        }
      }
      testID="snackbar-alert"
    >
      <Text
        style={
          Array [
            Object {
              "color": "#333333",
              "fontFamily": "System",
              "fontWeight": "400",
              "textAlign": "left",
            },
            Array [
              Object {
                "flex": 1,
                "flexWrap": "wrap",
                "marginLeft": 16,
                "marginVertical": 14,
              },
              Object {
                "color": "#ffffff",
                "marginRight": 0,
              },
            ],
          ]
        }
      >
        This is an error message
      </Text>
      <View
        style={
          Object {
            "backgroundColor": "transparent",
            "borderColor": "transparent",
            "borderRadius": 4,
            "borderStyle": "solid",
            "borderWidth": 0,
            "elevation": 0,
            "marginHorizontal": 8,
            "marginVertical": 6,
            "minWidth": "auto",
          }
        }
      >
        <View
          accessibilityRole="button"
          accessibilityState={
            Object {
              "disabled": undefined,
            }
          }
          accessible={true}
          focusable={true}
          onClick={[Function]}
          onResponderGrant={[Function]}
          onResponderMove={[Function]}
          onResponderRelease={[Function]}
          onResponderTerminate={[Function]}
          onResponderTerminationRequest={[Function]}
          onStartShouldSetResponder={[Function]}
          style={
            Array [
              Object {
                "overflow": "hidden",
              },
              Object {
                "borderRadius": 4,
              },
            ]
          }
        >
          <View
            style={
              Array [
                Object {
                  "alignItems": "center",
                  "flexDirection": "row",
                  "justifyContent": "center",
                },
                undefined,
              ]
            }
          >
            <Text
              numberOfLines={1}
              selectable={false}
              style={
                Array [
                  Object {
                    "color": "#333333",
                    "fontFamily": "System",
                    "fontWeight": "400",
                    "textAlign": "left",
                  },
                  Array [
                    Object {
                      "letterSpacing": 1,
                      "marginHorizontal": 16,
                      "marginVertical": 9,
                      "textAlign": "center",
                    },
                    Object {
                      "marginHorizontal": 8,
                    },
                    Object {
                      "textTransform": "uppercase",
                    },
                    Object {
                      "color": "#f7f8f8",
                      "fontFamily": "System",
                      "fontWeight": "500",
                    },
                    Object {
                      "fontFamily": "System",
                      "fontWeight": "500",
                    },
                    undefined,
                  ],
                ]
              }
            >
              Dismiss
            </Text>
          </View>
        </View>
      </View>
    </View>
  </RCTSafeAreaView>
</View>
`;
